-------- day 1234 --------
name, sellIn, quality

