OMGHAI!
-------- day 0 --------
name, sellIn, quality
foo, 0, 3
bar, 1, 2
zim, 2, 1
gir, 3, 0
dib, 4, -1

-------- day 1 --------
name, sellIn, quality
foo, 0, 3
bar, 1, 2
zim, 2, 1
gir, 3, 0
dib, 4, -1

-------- day 2 --------
name, sellIn, quality
foo, 0, 3
bar, 1, 2
zim, 2, 1
gir, 3, 0
dib, 4, -1

-------- day 3 --------
name, sellIn, quality
foo, 0, 3
bar, 1, 2
zim, 2, 1
gir, 3, 0
dib, 4, -1

-------- day 4 --------
name, sellIn, quality
foo, 0, 3
bar, 1, 2
zim, 2, 1
gir, 3, 0
dib, 4, -1

